// Jest Snapshot v1, https://goo.gl/fbAQLP

exports[`<Slider /> should match the snapshot 1`] = `
<DocumentFragment>
  <div
    aria-disabled="false"
    data-reach-slider=""
    data-reach-slider-orientation="horizontal"
    tabindex="-1"
  >
    <div
      data-reach-slider-track=""
      data-reach-slider-track-orientation="horizontal"
      style="position: relative;"
    >
      <div
        data-reach-slider-track-highlight=""
        data-reach-slider-track-highlight-orientation="horizontal"
        style="position: absolute; width: 0%; height: 100%; left: 0px;"
      />
      <div
        aria-disabled="false"
        aria-orientation="horizontal"
        aria-valuemax="100"
        aria-valuemin="0"
        aria-valuenow="0"
        data-reach-slider-handle=""
        data-reach-slider-handle-orientation="horizontal"
        role="slider"
        style="position: absolute;"
        tabindex="0"
      />
    </div>
  </div>
</DocumentFragment>
`;
