// Jest Snapshot v1, https://goo.gl/fbAQLP

exports[`<AlertDialog /> should open the dialog 1`] = `
<DocumentFragment>
  <div>
    <button>
      Show Dialog
    </button>
  </div>
</DocumentFragment>
`;

exports[`<AlertDialog /> should open the dialog 2`] = `
<body>
  <div
    aria-hidden="true"
  >
    <div>
      <button>
        Show Dialog
      </button>
    </div>
  </div>
  <reach-portal>
    <div
      data-focus-guard="true"
      style="width: 1px; height: 0px; padding: 0px; overflow: hidden; position: fixed; top: 1px; left: 1px;"
      tabindex="0"
    />
    <div
      data-focus-guard="true"
      style="width: 1px; height: 0px; padding: 0px; overflow: hidden; position: fixed; top: 1px; left: 1px;"
      tabindex="1"
    />
    <div
      data-focus-lock-disabled="false"
    >
      <div>
        <div
          data-reach-alert-dialog-overlay="true"
          data-reach-dialog-overlay=""
          id="great-work"
        >
          <div
            aria-labelledby="alert-dialog--great-work"
            aria-modal="true"
            data-reach-alert-dialog-content="true"
            data-reach-alert-dialong-content="true"
            data-reach-dialog-content=""
            role="alertdialog"
            tabindex="-1"
          >
            <div
              data-reach-alert-dialog-label="true"
              id="alert-dialog--great-work"
            >
              Confirmation!
            </div>
            <div
              data-reach-alert-dialog-description="true"
              id="alert-dialog-description--great-work"
            >
              Are you sure you want to have that milkshake?
            </div>
            <p>
              <button>
                Do nothing here
              </button>
               
              <button>
                Cancel
              </button>
            </p>
          </div>
        </div>
      </div>
    </div>
    <div
      data-focus-guard="true"
      style="width: 1px; height: 0px; padding: 0px; overflow: hidden; position: fixed; top: 1px; left: 1px;"
      tabindex="0"
    />
  </reach-portal>
</body>
`;
