// Jest Snapshot v1, https://goo.gl/fbAQLP

exports[`Dev loader loadPage should be successful when component can be loaded 1`] = `
Object {
  "component": "instance",
  "json": Object {
    "pageContext": "something something",
  },
  "page": Object {
    "componentChunkName": "chunk",
    "matchPath": undefined,
    "path": "/mypage/",
    "webpackCompilationHash": "123",
  },
}
`;
